| time |       inh        |       inl        |    a    | w |       outh       |       outl       |
